src/services/consistency/strictAnalyzer.ts(73,26): error TS2554: Expected 2-3 arguments, but got 1.
