
[1m[46m RUN [49m[22m [36mv4.0.18 [39m[90mC:/Users/miang/Downloads/Carpetas/Web_TuTesis[39m

 [31mÔØ»[39m src/test/accessibility/registerWizard.a11y.test.tsx [2m([22m[2m6 tests[22m[2m | [22m[31m2 failed[39m[2m)[22m[32m 194[2mms[22m[39m
     [32mÔ£ô[39m should not have any automatically detectable accessibility violations[32m 159[2mms[22m[39m
     [32mÔ£ô[39m should have proper form labels[32m 16[2mms[22m[39m
     [32mÔ£ô[39m should have proper focus management[32m 4[2mms[22m[39m
[31m     [31m├ù[31m should have proper error message announcements[39m[32m 5[2mms[22m[39m
[31m     [31m├ù[31m should have proper heading hierarchy[39m[32m 5[2mms[22m[39m
     [32mÔ£ô[39m should have descriptive button text[32m 4[2mms[22m[39m
 [31mÔØ»[39m src/test/accessibility/landingPage.a11y.test.tsx [2m([22m[2m5 tests[22m[2m | [22m[31m2 failed[39m[2m)[22m[33m 441[2mms[22m[39m
[31m     [31m├ù[31m should not have any automatically detectable accessibility violations[39m[33m 387[2mms[22m[39m
     [32mÔ£ô[39m should have proper heading hierarchy[32m 14[2mms[22m[39m
     [32mÔ£ô[39m should have alt text for all images[32m 13[2mms[22m[39m
     [32mÔ£ô[39m should have proper ARIA labels for interactive elements[32m 12[2mms[22m[39m
[31m     [31m├ù[31m should have proper link text (no "click here")[39m[32m 14[2mms[22m[39m
node.exe : 
En línea: 1 Carácter: 1
+ & "C:\Program Files\nodejs/node.exe" "C:\Program 
Files\nodejs/node_mo ...
+ ~~~~~~~~~~~~~~~~~~~~~~~~~~~~~~~~~~~~~~~~~~~~~~~~~~~~~~
~~~~~~~~~~~~~~~
    + CategoryInfo          : NotSpecified: (:String) [ 
   ], RemoteException
    + FullyQualifiedErrorId : NativeCommandError
 
[31mÔÄ»ÔÄ»ÔÄ»ÔÄ»ÔÄ»ÔÄ»ÔÄ»[39m[1m[41m Failed Tests 4 
[49m[22m[31mÔÄ»ÔÄ»ÔÄ»ÔÄ»ÔÄ»ÔÄ»ÔÄ»[39m

[41m[1m FAIL [22m[49m 
src/test/accessibility/landingPage.a11y.test.tsx[2m > 
[22mLandingPage Accessibility[2m > [22mshould not 
have any automatically detectable accessibility 
violations
[31m[1mError[22m: 
expect(received).toHaveNoViolations(expected)

Expected the HTML found at $('.p-8.dark\:bg-slate-900.ho
ver\:border-brand-orange\/30:nth-child(1) > 
.z-10.text-center.relative > .mb-2.tracking-tight') to 
have no violations:

<h4 class="text-3xl font-black text-slate-900 
dark:text-white mb-2 tracking-tight">+7 A├▒os</h4>

Received:

"Heading levels should only increase by one 
(heading-order)"

Fix any of the following:
  Heading order invalid

You can find more information on this issue here: 
https://dequeuniversity.com/rules/axe/4.10/heading-order
?application=axeAPI

Expected the HTML found at $('.mb-12 > 
.items-start.gap-4:nth-child(1) > div:nth-child(2) > 
h4') to have no violations:

<h4 class="font-bold text-white">Validaci├│n de 
Coherencia</h4>

Received:

"Heading levels should only increase by one 
(heading-order)"

Fix any of the following:
  Heading order invalid

You can find more information on this issue here: 
https://dequeuniversity.com/rules/axe/4.10/heading-order
?application=axeAPI

Expected the HTML found at $('.md\:grid-cols-3 > 
div:nth-child(2) > h4') to have no violations:

<h4 class="text-white font-bold text-lg 
mb-6">Contacto</h4>

Received:

"Heading levels should only increase by one 
(heading-order)"

Fix any of the following:
  Heading order invalid

You can find more information on this issue here: 
https://dequeuniversity.com/rules/axe/4.10/heading-order
?application=axeAPI[39m
[36m [2mÔØ»[22m src/test/accessibility/landingPage.a1
1y.test.tsx:[2m17:34[22m[39m
    [90m 15| [39m        [35mconst[39m results 
[33m=[39m [35mawait[39m 
[34maxe[39m(container)[33m;[39m
    [90m 16| [39m        [90m// @ts-ignore - 
jest-axe types are missing[39m
    [90m 17| [39m        [34mexpect[39m((results 
[35mas[39m any))[33m.[39m[34mtoHaveNoViolations[39
m()[33m;[39m
    [90m   | [39m                                 
[31m^[39m
    [90m 18| [39m    })[33m;[39m
    [90m 19| [39m

[31m[2mÔÄ»ÔÄ»ÔÄ»ÔÄ»ÔÄ»ÔÄ»ÔÄ»ÔÄ»ÔÄ»ÔÄ»ÔÄ»ÔÄ»ÔÄ»ÔÄ»ÔÄ»ÔÄ
»ÔÄ»ÔÄ»ÔÄ»ÔÄ»ÔÄ»ÔÄ»ÔÄ»ÔÄ»[1/4]ÔÄ»[22m[39m

[41m[1m FAIL [22m[49m 
src/test/accessibility/landingPage.a11y.test.tsx[2m > 
[22mLandingPage Accessibility[2m > [22mshould have 
proper link text (no "click here")
[31m[1mAssertionError[22m: expected 0 to be greater 
than 0[39m
[36m [2mÔØ»[22m src/test/accessibility/landingPage.a1
1y.test.tsx:[2m75:37[22m[39m
    [90m 73| [39m            [34mexpect[39m(linkText
)[33m.[39mnot[33m.[39m[34mtoBe[39m([32m'click 
here'[39m)[33m;[39m
    [90m 74| [39m            [34mexpect[39m(linkText
)[33m.[39mnot[33m.[39m[34mtoBe[39m([32m'here'[39
m)[33m;[39m
    [90m 75| [39m            [34mexpect[39m(linkText
[33m.[39mlength)[33m.[39m[34mtoBeGreaterThan[39m(
[34m0[39m)[33m;[39m
    [90m   | [39m                                    
[31m^[39m
    [90m 76| [39m        })[33m;[39m
    [90m 77| [39m    })[33m;[39m
[90m [2mÔØ»[22m src/test/accessibility/landingPage.a1
1y.test.tsx:[2m71:15[22m[39m

[31m[2mÔÄ»ÔÄ»ÔÄ»ÔÄ»ÔÄ»ÔÄ»ÔÄ»ÔÄ»ÔÄ»ÔÄ»ÔÄ»ÔÄ»ÔÄ»ÔÄ»ÔÄ»ÔÄ
»ÔÄ»ÔÄ»ÔÄ»ÔÄ»ÔÄ»ÔÄ»ÔÄ»ÔÄ»[2/4]ÔÄ»[22m[39m

[41m[1m FAIL [22m[49m 
src/test/accessibility/registerWizard.a11y.test.tsx[2m 
> [22mRegisterWizard Accessibility[2m > [22mshould 
have proper error message announcements
[31m[1mAssertionError[22m: expected 0 to be greater 
than 0[39m
[36m [2mÔØ»[22m src/test/accessibility/registerWizard
.a11y.test.tsx:[2m83:37[22m[39m
    [90m 81| [39m        [90m// Check for aria-live 
regions for error messages[39m
    [90m 82| [39m        const errorRegions = 
container.querySelectorAll('[role="alert"ÔÇª
    [90m 83| [39m        [34mexpect[39m(errorRegions
[33m.[39mlength)[33m.[39m[34mtoBeGreaterThan[39m(
[34m0[39m)[33m;[39m
    [90m   | [39m                                    
[31m^[39m
    [90m 84| [39m    })[33m;[39m
    [90m 85| [39m

[31m[2mÔÄ»ÔÄ»ÔÄ»ÔÄ»ÔÄ»ÔÄ»ÔÄ»ÔÄ»ÔÄ»ÔÄ»ÔÄ»ÔÄ»ÔÄ»ÔÄ»ÔÄ»ÔÄ
»ÔÄ»ÔÄ»ÔÄ»ÔÄ»ÔÄ»ÔÄ»ÔÄ»ÔÄ»[3/4]ÔÄ»[22m[39m

[41m[1m FAIL [22m[49m 
src/test/accessibility/registerWizard.a11y.test.tsx[2m 
> [22mRegisterWizard Accessibility[2m > [22mshould 
have proper heading hierarchy
[31m[1mError[22m: [2mexpect([22m[31mreceived[31m
[2m).toBeInTheDocument()[22m

[31mreceived[31m value must be an HTMLElement or an 
SVGElement.
Received has type:  Null
Received has value: [31mnull[31m[39m
[36m [2mÔØ»[22m src/test/accessibility/registerWizard
.a11y.test.tsx:[2m94:20[22m[39m
    [90m 92| [39m
    [90m 93| [39m        [35mconst[39m h1 
[33m=[39m container[33m.[39m[34mquerySelector[39m(
[32m'h1'[39m)[33m;[39m
    [90m 94| [39m        [34mexpect[39m(h1)[33m.[3
9m[34mtoBeInTheDocument[39m()[33m;[39m
    [90m   | [39m                   [31m^[39m
    [90m 95| [39m    })[33m;[39m
    [90m 96| [39m

[31m[2mÔÄ»ÔÄ»ÔÄ»ÔÄ»ÔÄ»ÔÄ»ÔÄ»ÔÄ»ÔÄ»ÔÄ»ÔÄ»ÔÄ»ÔÄ»ÔÄ»ÔÄ»ÔÄ
»ÔÄ»ÔÄ»ÔÄ»ÔÄ»ÔÄ»ÔÄ»ÔÄ»ÔÄ»[4/4]ÔÄ»[22m[39m


[2m Test Files [22m [1m[31m2 failed[39m[22m[90m (2)[39m
[2m      Tests [22m [1m[31m4 failed[39m[22m[2m | [22m[1m[32m7 passed[39m[22m[90m (11)[39m
[2m   Start at [22m 17:01:35
[2m   Duration [22m 1.44s[2m (transform 196ms, setup 335ms, import 220ms, tests 635ms, environment 894ms)[22m

