src/components/admin/AdminLayout.tsx(18,20): error TS2307: Cannot find module '@/lib/utils' or its corresponding type declarations.
src/components/admin/dashboard/ActivityFeed.tsx(3,75): error TS2307: Cannot find module '@/components/ui/Card' or its corresponding type declarations.
src/components/admin/dashboard/FastActions.tsx(3,75): error TS2307: Cannot find module '@/components/ui/Card' or its corresponding type declarations.
src/components/admin/dashboard/FinanceChart.tsx(12,75): error TS2307: Cannot find module '@/components/ui/Card' or its corresponding type declarations.
src/components/admin/dashboard/FinanceChart.tsx(13,24): error TS2307: Cannot find module '@/components/ui/Button' or its corresponding type declarations.
src/components/admin/dashboard/KpiCard.tsx(4,35): error TS2307: Cannot find module '@/components/ui/Card' or its corresponding type declarations.
src/components/admin/dashboard/PipelineChart.tsx(11,75): error TS2307: Cannot find module '@/components/ui/Card' or its corresponding type declarations.
src/components/admin/dashboard/ProjectsTable.tsx(194,97): error TS2322: Type '{ className: string; title: string; }' is not assignable to type 'IntrinsicAttributes & Omit<LucideProps, "ref"> & RefAttributes<SVGSVGElement>'.
  Property 'title' does not exist on type 'IntrinsicAttributes & Omit<LucideProps, "ref"> & RefAttributes<SVGSVGElement>'.
src/components/admin/EmptyState.tsx(3,8): error TS2613: Module '"C:/Users/miang/Downloads/Carpetas/Web_TuTesis/src/components/ui/Button"' has no default export. Did you mean to use 'import { Button } from "C:/Users/miang/Downloads/Carpetas/Web_TuTesis/src/components/ui/Button"' instead?
src/components/admin/LoadingState.tsx(2,20): error TS2307: Cannot find module '@/lib/utils' or its corresponding type declarations.
src/components/admin/PageHeader.tsx(3,8): error TS2613: Module '"C:/Users/miang/Downloads/Carpetas/Web_TuTesis/src/components/ui/Button"' has no default export. Did you mean to use 'import { Button } from "C:/Users/miang/Downloads/Carpetas/Web_TuTesis/src/components/ui/Button"' instead?
src/components/ui/Badge.tsx(2,20): error TS2307: Cannot find module '@/lib/utils' or its corresponding type declarations.
src/components/ui/Button.tsx(5,20): error TS2307: Cannot find module '@/lib/utils' or its corresponding type declarations.
src/components/ui/Calendar.tsx(5,20): error TS2307: Cannot find module '@/lib/utils' or its corresponding type declarations.
src/components/ui/Calendar.tsx(6,32): error TS2307: Cannot find module '@/components/ui/Button' or its corresponding type declarations.
src/components/ui/Calendar.tsx(55,17): error TS2353: Object literal may only specify known properties, and 'IconLeft' does not exist in type 'Partial<CustomComponents>'.
src/components/ui/Card.tsx(2,20): error TS2307: Cannot find module '@/lib/utils' or its corresponding type declarations.
src/components/ui/Input.tsx(2,20): error TS2307: Cannot find module '@/lib/utils' or its corresponding type declarations.
src/components/ui/Popover.tsx(4,20): error TS2307: Cannot find module '@/lib/utils' or its corresponding type declarations.
src/components/ui/Select.tsx(5,20): error TS2307: Cannot find module '@/lib/utils' or its corresponding type declarations.
src/pages/admin/AdminLogin.tsx(5,8): error TS2613: Module '"C:/Users/miang/Downloads/Carpetas/Web_TuTesis/src/components/ui/Button"' has no default export. Did you mean to use 'import { Button } from "C:/Users/miang/Downloads/Carpetas/Web_TuTesis/src/components/ui/Button"' instead?
src/pages/admin/AdminLogin.tsx(23,23): error TS2322: Type '{ children: Element; variant: string; className: string; }' is not assignable to type 'IntrinsicAttributes & HTMLAttributes<HTMLDivElement> & RefAttributes<HTMLDivElement>'.
  Property 'variant' does not exist on type 'IntrinsicAttributes & HTMLAttributes<HTMLDivElement> & RefAttributes<HTMLDivElement>'.
src/pages/admin/AdminStyleguide.tsx(17,8): error TS2613: Module '"C:/Users/miang/Downloads/Carpetas/Web_TuTesis/src/components/ui/Button"' has no default export. Did you mean to use 'import { Button } from "C:/Users/miang/Downloads/Carpetas/Web_TuTesis/src/components/ui/Button"' instead?
src/pages/admin/AdminStyleguide.tsx(20,8): error TS2613: Module '"C:/Users/miang/Downloads/Carpetas/Web_TuTesis/src/components/ui/Input"' has no default export. Did you mean to use 'import { Input } from "C:/Users/miang/Downloads/Carpetas/Web_TuTesis/src/components/ui/Input"' instead?
src/pages/admin/AdminStyleguide.tsx(121,27): error TS2322: Type '{ children: Element[]; variant: string; }' is not assignable to type 'IntrinsicAttributes & HTMLAttributes<HTMLDivElement> & RefAttributes<HTMLDivElement>'.
  Property 'variant' does not exist on type 'IntrinsicAttributes & HTMLAttributes<HTMLDivElement> & RefAttributes<HTMLDivElement>'.
src/pages/admin/AdminStyleguide.tsx(125,27): error TS2322: Type '{ children: Element[]; variant: string; }' is not assignable to type 'IntrinsicAttributes & HTMLAttributes<HTMLDivElement> & RefAttributes<HTMLDivElement>'.
  Property 'variant' does not exist on type 'IntrinsicAttributes & HTMLAttributes<HTMLDivElement> & RefAttributes<HTMLDivElement>'.
src/pages/admin/AdminStyleguide.tsx(129,27): error TS2322: Type '{ children: Element[]; variant: string; }' is not assignable to type 'IntrinsicAttributes & HTMLAttributes<HTMLDivElement> & RefAttributes<HTMLDivElement>'.
  Property 'variant' does not exist on type 'IntrinsicAttributes & HTMLAttributes<HTMLDivElement> & RefAttributes<HTMLDivElement>'.
src/pages/DesignSystem.tsx(5,8): error TS2613: Module '"C:/Users/miang/Downloads/Carpetas/Web_TuTesis/src/components/ui/Button"' has no default export. Did you mean to use 'import { Button } from "C:/Users/miang/Downloads/Carpetas/Web_TuTesis/src/components/ui/Button"' instead?
src/pages/DesignSystem.tsx(6,8): error TS2613: Module '"C:/Users/miang/Downloads/Carpetas/Web_TuTesis/src/components/ui/Card"' has no default export. Did you mean to use 'import { Card } from "C:/Users/miang/Downloads/Carpetas/Web_TuTesis/src/components/ui/Card"' instead?
src/pages/DesignSystem.tsx(7,8): error TS2613: Module '"C:/Users/miang/Downloads/Carpetas/Web_TuTesis/src/components/ui/Input"' has no default export. Did you mean to use 'import { Input } from "C:/Users/miang/Downloads/Carpetas/Web_TuTesis/src/components/ui/Input"' instead?
src/pages/Tools/DocumentAudit.tsx(7,8): error TS2613: Module '"C:/Users/miang/Downloads/Carpetas/Web_TuTesis/src/components/ui/Button"' has no default export. Did you mean to use 'import { Button } from "C:/Users/miang/Downloads/Carpetas/Web_TuTesis/src/components/ui/Button"' instead?
src/pages/Tools/DocumentAudit.tsx(8,8): error TS2613: Module '"C:/Users/miang/Downloads/Carpetas/Web_TuTesis/src/components/ui/Card"' has no default export. Did you mean to use 'import { Card } from "C:/Users/miang/Downloads/Carpetas/Web_TuTesis/src/components/ui/Card"' instead?
src/pages/Universities/UniversityDirectory.tsx(6,8): error TS2613: Module '"C:/Users/miang/Downloads/Carpetas/Web_TuTesis/src/components/ui/Card"' has no default export. Did you mean to use 'import { Card } from "C:/Users/miang/Downloads/Carpetas/Web_TuTesis/src/components/ui/Card"' instead?
src/pages/Universities/UniversityDirectory.tsx(7,8): error TS2613: Module '"C:/Users/miang/Downloads/Carpetas/Web_TuTesis/src/components/ui/Button"' has no default export. Did you mean to use 'import { Button } from "C:/Users/miang/Downloads/Carpetas/Web_TuTesis/src/components/ui/Button"' instead?
src/pages/Universities/UniversityTemplate.tsx(6,8): error TS2613: Module '"C:/Users/miang/Downloads/Carpetas/Web_TuTesis/src/components/ui/Button"' has no default export. Did you mean to use 'import { Button } from "C:/Users/miang/Downloads/Carpetas/Web_TuTesis/src/components/ui/Button"' instead?
src/pages/Universities/UniversityTemplate.tsx(7,8): error TS2613: Module '"C:/Users/miang/Downloads/Carpetas/Web_TuTesis/src/components/ui/Card"' has no default export. Did you mean to use 'import { Card } from "C:/Users/miang/Downloads/Carpetas/Web_TuTesis/src/components/ui/Card"' instead?
src/services/persistenceService.ts(100,62): error TS2339: Property 'errors' does not exist on type '{ success: false; errors: Record<string, string[]>; } | { success: true; data: { type?: "consistency" | "audit"; status?: string; project_id?: string; result?: Record<string, any>; warnings?: string[]; version?: string; }; }'.
  Property 'errors' does not exist on type '{ success: true; data: { type?: "consistency" | "audit"; status?: string; project_id?: string; result?: Record<string, any>; warnings?: string[]; version?: string; }; }'.
src/services/persistenceService.ts(101,63): error TS2339: Property 'join' does not exist on type 'unknown'.
src/services/secureDataService.ts(41,52): error TS2339: Property 'errors' does not exist on type '{ success: false; errors: Record<string, string[]>; } | { success: true; data: { name?: string; email?: string; university?: string; lastname?: string; phone?: string; career?: string; }; }'.
  Property 'errors' does not exist on type '{ success: true; data: { name?: string; email?: string; university?: string; lastname?: string; phone?: string; career?: string; }; }'.
src/services/secureDataService.ts(42,59): error TS2339: Property 'join' does not exist on type 'unknown'.
src/services/secureDataService.ts(72,52): error TS2339: Property 'errors' does not exist on type '{ success: false; errors: Record<string, string[]>; } | { success: true; data: { type?: "tesis" | "monografia" | "proyecto_grado" | "anteproyecto" | "otros"; description?: string; ... 4 more ...; due_date?: string; }; }'.
  Property 'errors' does not exist on type '{ success: true; data: { type?: "tesis" | "monografia" | "proyecto_grado" | "anteproyecto" | "otros"; description?: string; status?: "pending" | "in_progress" | "completed" | "cancelled"; student_id?: string; total_amount?: number; paid_amount?: number; due_date?: string; }; }'.
src/services/secureDataService.ts(73,59): error TS2339: Property 'join' does not exist on type 'unknown'.
src/test/accessibility/landingPage.a11y.test.tsx(16,25): error TS2339: Property 'toHaveNoViolations' does not exist on type 'Assertion<any>'.
src/test/accessibility/registerWizard.a11y.test.tsx(38,25): error TS2339: Property 'toHaveNoViolations' does not exist on type 'Assertion<any>'.
src/types/validation.test.ts(43,31): error TS2339: Property 'errors' does not exist on type '{ success: false; errors: Record<string, string[]>; } | { success: true; data: { name?: string; email?: string; university?: string; lastname?: string; phone?: string; career?: string; }; }'.
  Property 'errors' does not exist on type '{ success: true; data: { name?: string; email?: string; university?: string; lastname?: string; phone?: string; career?: string; }; }'.
src/types/validation.test.ts(102,31): error TS2339: Property 'errors' does not exist on type '{ success: false; errors: Record<string, string[]>; } | { success: true; data: { type?: "tesis" | "monografia" | "proyecto_grado" | "anteproyecto" | "otros"; description?: string; ... 4 more ...; due_date?: string; }; }'.
  Property 'errors' does not exist on type '{ success: true; data: { type?: "tesis" | "monografia" | "proyecto_grado" | "anteproyecto" | "otros"; description?: string; status?: "pending" | "in_progress" | "completed" | "cancelled"; student_id?: string; total_amount?: number; paid_amount?: number; due_date?: string; }; }'.
